../Drivers/STM32WLxx_HAL_Driver/Inc/stm32wlxx_ll_bus.h:449:22:LL_AHB2_GRP1_EnableClock	24	static
../Drivers/STM32WLxx_HAL_Driver/Inc/stm32wlxx_ll_bus.h:935:22:LL_APB1_GRP2_EnableClock	24	static
../Drivers/STM32WLxx_HAL_Driver/Inc/stm32wlxx_ll_bus.h:1034:22:LL_APB1_GRP2_DisableClock	16	static
../Drivers/BSP/STM32WLxx_Nucleo/stm32wlxx_nucleo.c:138:10:BSP_GetVersion	4	static
../Drivers/BSP/STM32WLxx_Nucleo/stm32wlxx_nucleo.c:156:9:BSP_LED_Init	40	static
../Drivers/BSP/STM32WLxx_Nucleo/stm32wlxx_nucleo.c:185:9:BSP_LED_DeInit	16	static
../Drivers/BSP/STM32WLxx_Nucleo/stm32wlxx_nucleo.c:205:9:BSP_LED_On	16	static
../Drivers/BSP/STM32WLxx_Nucleo/stm32wlxx_nucleo.c:221:9:BSP_LED_Off	16	static
../Drivers/BSP/STM32WLxx_Nucleo/stm32wlxx_nucleo.c:237:9:BSP_LED_Toggle	16	static
../Drivers/BSP/STM32WLxx_Nucleo/stm32wlxx_nucleo.c:253:9:BSP_LED_GetState	16	static
../Drivers/BSP/STM32WLxx_Nucleo/stm32wlxx_nucleo.c:280:9:BSP_PB_Init	40	static
../Drivers/BSP/STM32WLxx_Nucleo/stm32wlxx_nucleo.c:328:9:BSP_PB_DeInit	16	static
../Drivers/BSP/STM32WLxx_Nucleo/stm32wlxx_nucleo.c:345:9:BSP_PB_GetState	16	static
../Drivers/BSP/STM32WLxx_Nucleo/stm32wlxx_nucleo.c:355:6:BSP_PB_IRQHandler	16	static
../Drivers/BSP/STM32WLxx_Nucleo/stm32wlxx_nucleo.c:369:13:BSP_PB_Callback	16	static
../Drivers/BSP/STM32WLxx_Nucleo/stm32wlxx_nucleo.c:408:9:BSP_COM_Init	24	static
../Drivers/BSP/STM32WLxx_Nucleo/stm32wlxx_nucleo.c:446:9:BSP_COM_DeInit	24	static
../Drivers/BSP/STM32WLxx_Nucleo/stm32wlxx_nucleo.c:479:26:MX_LPUART1_Init	16	static
../Drivers/BSP/STM32WLxx_Nucleo/stm32wlxx_nucleo.c:577:9:BSP_COM_SelectLogPort	16	static
../Drivers/BSP/STM32WLxx_Nucleo/stm32wlxx_nucleo.c:611:1:__io_putchar	16	static
../Drivers/BSP/STM32WLxx_Nucleo/stm32wlxx_nucleo.c:634:13:BUTTON_SW1_EXTI_Callback	8	static
../Drivers/BSP/STM32WLxx_Nucleo/stm32wlxx_nucleo.c:643:13:BUTTON_SW2_EXTI_Callback	8	static
../Drivers/BSP/STM32WLxx_Nucleo/stm32wlxx_nucleo.c:652:13:BUTTON_SW3_EXTI_Callback	8	static
../Drivers/BSP/STM32WLxx_Nucleo/stm32wlxx_nucleo.c:663:13:COM1_MspInit	40	static
../Drivers/BSP/STM32WLxx_Nucleo/stm32wlxx_nucleo.c:697:13:COM1_MspDeInit	40	static
