Archive member included to satisfy reference by file (symbol)

/opt/st/stm32cubeide_2.0.0/plugins/com.st.stm32cube.ide.mcu.externaltools.gnu-tools-for-stm32.13.3.rel1.linux64_1.0.100.202509120712/tools/bin/../lib/gcc/arm-none-eabi/13.3.1/../../../../arm-none-eabi/lib/thumb/v7e-m/nofp/libc_nano.a(libc_a-exit.o)
                              /opt/st/stm32cubeide_2.0.0/plugins/com.st.stm32cube.ide.mcu.externaltools.gnu-tools-for-stm32.13.3.rel1.linux64_1.0.100.202509120712/tools/bin/../lib/gcc/arm-none-eabi/13.3.1/../../../../arm-none-eabi/lib/thumb/v7e-m/nofp/crt0.o (exit)
/opt/st/stm32cubeide_2.0.0/plugins/com.st.stm32cube.ide.mcu.externaltools.gnu-tools-for-stm32.13.3.rel1.linux64_1.0.100.202509120712/tools/bin/../lib/gcc/arm-none-eabi/13.3.1/../../../../arm-none-eabi/lib/thumb/v7e-m/nofp/libc_nano.a(libc_a-findfp.o)
                              /opt/st/stm32cubeide_2.0.0/plugins/com.st.stm32cube.ide.mcu.externaltools.gnu-tools-for-stm32.13.3.rel1.linux64_1.0.100.202509120712/tools/bin/../lib/gcc/arm-none-eabi/13.3.1/../../../../arm-none-eabi/lib/thumb/v7e-m/nofp/libc_nano.a(libc_a-exit.o) (__stdio_exit_handler)
/opt/st/stm32cubeide_2.0.0/plugins/com.st.stm32cube.ide.mcu.externaltools.gnu-tools-for-stm32.13.3.rel1.linux64_1.0.100.202509120712/tools/bin/../lib/gcc/arm-none-eabi/13.3.1/../../../../arm-none-eabi/lib/thumb/v7e-m/nofp/libc_nano.a(libc_a-fwalk.o)
                              /opt/st/stm32cubeide_2.0.0/plugins/com.st.stm32cube.ide.mcu.externaltools.gnu-tools-for-stm32.13.3.rel1.linux64_1.0.100.202509120712/tools/bin/../lib/gcc/arm-none-eabi/13.3.1/../../../../arm-none-eabi/lib/thumb/v7e-m/nofp/libc_nano.a(libc_a-findfp.o) (_fwalk_sglue)
/opt/st/stm32cubeide_2.0.0/plugins/com.st.stm32cube.ide.mcu.externaltools.gnu-tools-for-stm32.13.3.rel1.linux64_1.0.100.202509120712/tools/bin/../lib/gcc/arm-none-eabi/13.3.1/../../../../arm-none-eabi/lib/thumb/v7e-m/nofp/libc_nano.a(libc_a-stdio.o)
                              /opt/st/stm32cubeide_2.0.0/plugins/com.st.stm32cube.ide.mcu.externaltools.gnu-tools-for-stm32.13.3.rel1.linux64_1.0.100.202509120712/tools/bin/../lib/gcc/arm-none-eabi/13.3.1/../../../../arm-none-eabi/lib/thumb/v7e-m/nofp/libc_nano.a(libc_a-findfp.o) (__sread)
/opt/st/stm32cubeide_2.0.0/plugins/com.st.stm32cube.ide.mcu.externaltools.gnu-tools-for-stm32.13.3.rel1.linux64_1.0.100.202509120712/tools/bin/../lib/gcc/arm-none-eabi/13.3.1/../../../../arm-none-eabi/lib/thumb/v7e-m/nofp/libc_nano.a(libc_a-memset.o)
                              /opt/st/stm32cubeide_2.0.0/plugins/com.st.stm32cube.ide.mcu.externaltools.gnu-tools-for-stm32.13.3.rel1.linux64_1.0.100.202509120712/tools/bin/../lib/gcc/arm-none-eabi/13.3.1/../../../../arm-none-eabi/lib/thumb/v7e-m/nofp/crt0.o (memset)
/opt/st/stm32cubeide_2.0.0/plugins/com.st.stm32cube.ide.mcu.externaltools.gnu-tools-for-stm32.13.3.rel1.linux64_1.0.100.202509120712/tools/bin/../lib/gcc/arm-none-eabi/13.3.1/../../../../arm-none-eabi/lib/thumb/v7e-m/nofp/libc_nano.a(libc_a-closer.o)
                              /opt/st/stm32cubeide_2.0.0/plugins/com.st.stm32cube.ide.mcu.externaltools.gnu-tools-for-stm32.13.3.rel1.linux64_1.0.100.202509120712/tools/bin/../lib/gcc/arm-none-eabi/13.3.1/../../../../arm-none-eabi/lib/thumb/v7e-m/nofp/libc_nano.a(libc_a-stdio.o) (_close_r)
/opt/st/stm32cubeide_2.0.0/plugins/com.st.stm32cube.ide.mcu.externaltools.gnu-tools-for-stm32.13.3.rel1.linux64_1.0.100.202509120712/tools/bin/../lib/gcc/arm-none-eabi/13.3.1/../../../../arm-none-eabi/lib/thumb/v7e-m/nofp/libc_nano.a(libc_a-reent.o)
                              /opt/st/stm32cubeide_2.0.0/plugins/com.st.stm32cube.ide.mcu.externaltools.gnu-tools-for-stm32.13.3.rel1.linux64_1.0.100.202509120712/tools/bin/../lib/gcc/arm-none-eabi/13.3.1/../../../../arm-none-eabi/lib/thumb/v7e-m/nofp/libc_nano.a(libc_a-closer.o) (errno)
/opt/st/stm32cubeide_2.0.0/plugins/com.st.stm32cube.ide.mcu.externaltools.gnu-tools-for-stm32.13.3.rel1.linux64_1.0.100.202509120712/tools/bin/../lib/gcc/arm-none-eabi/13.3.1/../../../../arm-none-eabi/lib/thumb/v7e-m/nofp/libc_nano.a(libc_a-impure.o)
                              /opt/st/stm32cubeide_2.0.0/plugins/com.st.stm32cube.ide.mcu.externaltools.gnu-tools-for-stm32.13.3.rel1.linux64_1.0.100.202509120712/tools/bin/../lib/gcc/arm-none-eabi/13.3.1/../../../../arm-none-eabi/lib/thumb/v7e-m/nofp/libc_nano.a(libc_a-reent.o) (_impure_ptr)
/opt/st/stm32cubeide_2.0.0/plugins/com.st.stm32cube.ide.mcu.externaltools.gnu-tools-for-stm32.13.3.rel1.linux64_1.0.100.202509120712/tools/bin/../lib/gcc/arm-none-eabi/13.3.1/../../../../arm-none-eabi/lib/thumb/v7e-m/nofp/libc_nano.a(libc_a-lseekr.o)
                              /opt/st/stm32cubeide_2.0.0/plugins/com.st.stm32cube.ide.mcu.externaltools.gnu-tools-for-stm32.13.3.rel1.linux64_1.0.100.202509120712/tools/bin/../lib/gcc/arm-none-eabi/13.3.1/../../../../arm-none-eabi/lib/thumb/v7e-m/nofp/libc_nano.a(libc_a-stdio.o) (_lseek_r)
[...]
Memory Configuration

Name             Origin             Length             Attributes
RAM              0x20000000         0x00010000         xrw
RAM2             0x10000000         0x00008000         xrw
FLASH            0x08000000         0x00040000         xr
*default*        0x00000000         0xffffffff

Linker script and memory map

LOAD /opt/st/stm32cubeide_2.0.0/plugins/com.st.stm32cube.ide.mcu.externaltools.gnu-tools-for-stm32.13.3.rel1.linux64_1.0.100.202509120712/tools/bin/../lib/gcc/arm-none-eabi/13.3.1/thumb/v7e-m/nofp/crti.o
LOAD /opt/st/stm32cubeide_2.0.0/plugins/com.st.stm32cube.ide.mcu.externaltools.gnu-tools-for-stm32.13.3.rel1.linux64_1.0.100.202509120712/tools/bin/../lib/gcc/arm-none-eabi/13.3.1/thumb/v7e-m/nofp/crtbegin.o
LOAD /opt/st/stm32cubeide_2.0.0/plugins/com.st.stm32cube.ide.mcu.externaltools.gnu-tools-for-stm32.13.3.rel1.linux64_1.0.100.202509120712/tools/bin/../lib/gcc/arm-none-eabi/13.3.1/../../../../arm-none-eabi/lib/thumb/v7e-m/nofp/crt0.o
LOAD ./Core/Src/lcd.o
LOAD ./Core/Src/main.o
LOAD ./Core/Src/stm32wlxx_hal_msp.o
LOAD ./Core/Src/stm32wlxx_it.o
LOAD ./Core/Src/syscalls.o
LOAD ./Core/Src/sysmem.o
LOAD ./Core/Src/system_stm32wlxx.o
LOAD ./Core/Startup/startup_stm32wl55jcix.o
LOAD ./Drivers/BSP/STM32WLxx_Nucleo/stm32wlxx_nucleo.o
LOAD ./Drivers/STM32WLxx_HAL_Driver/Src/stm32wlxx_hal.o
LOAD ./Drivers/STM32WLxx_HAL_Driver/Src/stm32wlxx_hal_cortex.o
LOAD ./Drivers/STM32WLxx_HAL_Driver/Src/stm32wlxx_hal_dma.o
LOAD ./Drivers/STM32WLxx_HAL_Driver/Src/stm32wlxx_hal_dma_ex.o
LOAD ./Drivers/STM32WLxx_HAL_Driver/Src/stm32wlxx_hal_exti.o
LOAD ./Drivers/STM32WLxx_HAL_Driver/Src/stm32wlxx_hal_flash.o
LOAD ./Drivers/STM32WLxx_HAL_Driver/Src/stm32wlxx_hal_flash_ex.o
LOAD ./Drivers/STM32WLxx_HAL_Driver/Src/stm32wlxx_hal_gpio.o
LOAD ./Drivers/STM32WLxx_HAL_Driver/Src/stm32wlxx_hal_pwr.o
LOAD ./Drivers/STM32WLxx_HAL_Driver/Src/stm32wlxx_hal_pwr_ex.o
LOAD ./Drivers/STM32WLxx_HAL_Driver/Src/stm32wlxx_hal_rcc.o
LOAD ./Drivers/STM32WLxx_HAL_Driver/Src/stm32wlxx_hal_rcc_ex.o
LOAD ./Drivers/STM32WLxx_HAL_Driver/Src/stm32wlxx_hal_uart.o
LOAD ./Drivers/STM32WLxx_HAL_Driver/Src/stm32wlxx_hal_uart_ex.o
LOAD ./Drivers/STM32WLxx_HAL_Driver/Src/stm32wlxx_hal_usart.o
LOAD ./Drivers/STM32WLxx_HAL_Driver/Src/stm32wlxx_hal_usart_ex.o
START GROUP
LOAD /opt/st/stm32cubeide_2.0.0/plugins/com.st.stm32cube.ide.mcu.externaltools.gnu-tools-for-stm32.13.3.rel1.linux64_1.0.100.202509120712/tools/bin/../lib/gcc/arm-none-eabi/13.3.1/../../../../arm-none-eabi/lib/thumb/v7e-m/nofp/libc_nano.a
LOAD /opt/st/stm32cubeide_2.0.0/plugins/com.st.stm32cube.ide.mcu.externaltools.gnu-tools-for-stm32.13.3.rel1.linux64_1.0.100.202509120712/tools/bin/../lib/gcc/arm-none-eabi/13.3.1/../../../../arm-none-eabi/lib/thumb/v7e-m/nofp/libm.a
END GROUP
START GROUP
LOAD /opt/st/stm32cubeide_2.0.0/plugins/com.st.stm32cube.ide.mcu.externaltools.gnu-tools-for-stm32.13.3.rel1.linux64_1.0.100.202509120712/tools/bin/../lib/gcc/arm-none-eabi/13.3.1/thumb/v7e-m/nofp/libgcc.a
LOAD /opt/st/stm32cubeide_2.0.0/plugins/com.st.stm32cube.ide.mcu.externaltools.gnu-tools-for-stm32.13.3.rel1.linux64_1.0.100.202509120712/tools/bin/../lib/gcc/arm-none-eabi/13.3.1/../../../../arm-none-eabi/lib/thumb/v7e-m/nofp/libc_nano.a
END GROUP
START GROUP
LOAD /opt/st/stm32cubeide_2.0.0/plugins/com.st.stm32cube.ide.mcu.externaltools.gnu-tools-for-stm32.13.3.rel1.linux64_1.0.100.202509120712/tools/bin/../lib/gcc/arm-none-eabi/13.3.1/thumb/v7e-m/nofp/libgcc.a
LOAD /opt/st/stm32cubeide_2.0.0/plugins/com.st.stm32cube.ide.mcu.externaltools.gnu-tools-for-stm32.13.3.rel1.linux64_1.0.100.202509120712/tools/bin/../lib/gcc/arm-none-eabi/13.3.1/../../../../arm-none-eabi/lib/thumb/v7e-m/nofp/libc_nano.a
LOAD /opt/st/stm32cubeide_2.0.0/plugins/com.st.stm32cube.ide.mcu.externaltools.gnu-tools-for-stm32.13.3.rel1.linux64_1.0.100.202509120712/tools/bin/../lib/gcc/arm-none-eabi/13.3.1/../../../../arm-none-eabi/lib/thumb/v7e-m/nofp/libnosys.a
END GROUP
START GROUP
LOAD /opt/st/stm32cubeide_2.0.0/plugins/com.st.stm32cube.ide.mcu.externaltools.gnu-tools-for-stm32.13.3.rel1.linux64_1.0.100.202509120712/tools/bin/../lib/gcc/arm-none-eabi/13.3.1/thumb/v7e-m/nofp/libgcc.a
LOAD /opt/st/stm32cubeide_2.0.0/plugins/com.st.stm32cube.ide.mcu.externaltools.gnu-tools-for-stm32.13.3.rel1.linux64_1.0.100.202509120712/tools/bin/../lib/gcc/arm-none-eabi/13.3.1/../../../../arm-none-eabi/lib/thumb/v7e-m/nofp/libc_nano.a
LOAD /opt/st/stm32cubeide_2.0.0/plugins/com.st.stm32cube.ide.mcu.externaltools.gnu-tools-for-stm32.13.3.rel1.linux64_1.0.100.202509120712/tools/bin/../lib/gcc/arm-none-eabi/13.3.1/../../../../arm-none-eabi/lib/thumb/v7e-m/nofp/libnosys.a
END GROUP
LOAD /opt/st/stm32cubeide_2.0.0/plugins/com.st.stm32cube.ide.mcu.externaltools.gnu-tools-for-stm32.13.3.rel1.linux64_1.0.100.202509120712/tools/bin/../lib/gcc/arm-none-eabi/13.3.1/thumb/v7e-m/nofp/crtend.o
LOAD /opt/st/stm32cubeide_2.0.0/plugins/com.st.stm32cube.ide.mcu.externaltools.gnu-tools-for-stm32.13.3.rel1.linux64_1.0.100.202509120712/tools/bin/../lib/gcc/arm-none-eabi/13.3.1/thumb/v7e-m/nofp/crtn.o
                0x20010000                        _estack = (ORIGIN (RAM) + LENGTH (RAM))
                0x00000200                        _Min_Heap_Size = 0x200
                0x00000400                        _Min_Stack_Size = 0x400

.isr_vector     0x08000000      0x138
                0x08000000                        . = ALIGN (0x4)
 *(.isr_vector)
 .isr_vector    0x08000000      0x138 ./Core/Startup/startup_stm32wl55jcix.o
                0x08000000                g_pfnVectors
                0x08000138                        . = ALIGN (0x4)

.text           0x08000138     0x3048
                0x08000138                        . = ALIGN (0x4)
 *(.text)
 .text          0x08000138       0x40 /opt/st/stm32cubeide_2.0.0/plugins/com.st.stm32cube.ide.mcu.externaltools.gnu-tools-for-stm32.13.3.rel1.linux64_1.0.100.202509120712/tools/bin/../lib/gcc/arm-none-eabi/13.3.1/thumb/v7e-m/nofp/crtbegin.o
 .text          0x08000178       0x30 /opt/st/stm32cubeide_2.0.0/plugins/com.st.stm32cube.ide.mcu.externaltools.gnu-tools-for-stm32.13.3.rel1.linux64_1.0.100.202509120712/tools/bin/../lib/gcc/arm-none-eabi/13.3.1/thumb/v7e-m/nofp/libgcc.a(_aeabi_uldivmod.o)
                0x08000178                __aeabi_uldivmod
 .text          0x080001a8      0x2f8 /opt/st/stm32cubeide_2.0.0/plugins/com.st.stm32cube.ide.mcu.externaltools.gnu-tools-for-stm32.13.3.rel1.linux64_1.0.100.202509120712/tools/bin/../lib/gcc/arm-none-eabi/13.3.1/thumb/v7e-m/nofp/libgcc.a(_udivmoddi4.o)
                0x080001a8                __udivmoddi4
 .text          0x080004a0        0x4 /opt/st/stm32cubeide_2.0.0/plugins/com.st.stm32cube.ide.mcu.externaltools.gnu-tools-for-stm32.13.3.rel1.linux64_1.0.100.202509120712/tools/bin/../lib/gcc/arm-none-eabi/13.3.1/thumb/v7e-m/nofp/libgcc.a(_dvmd_tls.o)
                0x080004a0                __aeabi_ldiv0
                0x080004a0                __aeabi_idiv0
 *(.text*)
 .text.lcd_pulse_enable
                0x080004a4       0x2c ./Core/Src/lcd.o
 .text.lcd_send_halfbyte
                0x080004d0       0xb4 ./Core/Src/lcd.o
 .text.lcd_send_byte
                0x08000584       0x58 ./Core/Src/lcd.o
 .text.LCD_Init
                0x080005dc       0x88 ./Core/Src/lcd.o
                0x080005dc                LCD_Init
 .text.LCD_Clear
                0x08000664       0x16 ./Core/Src/lcd.o
                0x08000664                LCD_Clear
 *fill*         0x0800067a        0x2 
 .text.LCD_SetCursor
                0x0800067c       0x40 ./Core/Src/lcd.o
                0x0800067c                LCD_SetCursor
 .text.LCD_PrintString
                0x080006bc       0x2c ./Core/Src/lcd.o
                0x080006bc                LCD_PrintString
 .text.LL_AHB2_GRP1_EnableClock
                0x080006e8       0x30 ./Core/Src/main.o
 .text.main     0x08000718       0xa0 ./Core/Src/main.o
                0x08000718                main
 .text.SystemClock_Config
                0x080007b8       0xa4 ./Core/Src/main.o
                0x080007b8                SystemClock_Config
 .text.MX_GPIO_Init
                0x0800085c       0x98 ./Core/Src/main.o
 .text.Error_Handler
                0x080008f4        0xc ./Core/Src/main.o
                0x080008f4                Error_Handler
 .text.HAL_MspInit
                0x08000900       0x18 ./Core/Src/stm32wlxx_hal_msp.o
                0x08000900                HAL_MspInit
 .text.NMI_Handler
                0x08000918        0x8 ./Core/Src/stm32wlxx_it.o
                0x08000918                NMI_Handler
 .text.HardFault_Handler
                0x08000920        0x8 ./Core/Src/stm32wlxx_it.o
                0x08000920                HardFault_Handler
 .text.MemManage_Handler
                0x08000928        0x8 ./Core/Src/stm32wlxx_it.o
                0x08000928                MemManage_Handler
 .text.BusFault_Handler
                0x08000930        0x8 ./Core/Src/stm32wlxx_it.o
                0x08000930                BusFault_Handler
 .text.UsageFault_Handler
                0x08000938        0x8 ./Core/Src/stm32wlxx_it.o
                0x08000938                UsageFault_Handler
 .text.SVC_Handler
                0x08000940        0xc ./Core/Src/stm32wlxx_it.o
                0x08000940                SVC_Handler
 .text.DebugMon_Handler
                0x0800094c        0xc ./Core/Src/stm32wlxx_it.o
                0x0800094c                DebugMon_Handler
 .text.PendSV_Handler
                0x08000958        0xc ./Core/Src/stm32wlxx_it.o
                0x08000958                PendSV_Handler
 .text.SysTick_Handler
                0x08000964        0xc ./Core/Src/stm32wlxx_it.o
                0x08000964                SysTick_Handler
 .text.RCC_IRQHandler
                0x08000970        0xc ./Core/Src/stm32wlxx_it.o
                0x08000970                RCC_IRQHandler
 .text.EXTI0_IRQHandler
                0x0800097c        0xe ./Core/Src/stm32wlxx_it.o
                0x0800097c                EXTI0_IRQHandler
 .text.EXTI1_IRQHandler
                0x0800098a        0xe ./Core/Src/stm32wlxx_it.o
                0x0800098a                EXTI1_IRQHandler
 .text.EXTI9_5_IRQHandler
                0x08000998        0xe ./Core/Src/stm32wlxx_it.o
                0x08000998                EXTI9_5_IRQHandler
 .text.SystemInit
                0x080009a6        0xc ./Core/Src/system_stm32wlxx.o
                0x080009a6                SystemInit
 *fill*         0x080009b2        0x2 
 .text.Reset_Handler
                0x080009b4       0x50 ./Core/Startup/startup_stm32wl55jcix.o
                0x080009b4                Reset_Handler
 .text.Default_Handler
                0x08000a04        0x2 ./Core/Startup/startup_stm32wl55jcix.o
                0x08000a04                RTC_Alarm_IRQHandler
                0x08000a04                EXTI2_IRQHandler
                0x08000a04                TIM1_CC_IRQHandler
                0x08000a04                EXTI3_IRQHandler
                0x08000a04                LPTIM2_IRQHandler
                0x08000a04                I2C3_ER_IRQHandler
                0x08000a04                LPTIM3_IRQHandler
                0x08000a04                I2C2_EV_IRQHandler
                0x08000a04                TAMP_STAMP_LSECSS_SSRU_IRQHandler
                0x08000a04                SPI1_IRQHandler
                0x08000a04                DMA2_Channel2_IRQHandler
                0x08000a04                DMA1_Channel4_IRQHandler
                0x08000a04                PKA_IRQHandler
                0x08000a04                TIM17_IRQHandler
                0x08000a04                DMA1_Channel7_IRQHandler
                0x08000a04                SUBGHZSPI_IRQHandler
                0x08000a04                IPCC_C1_TX_IRQHandler
                0x08000a04                DMA2_Channel1_IRQHandler
                0x08000a04                I2C1_EV_IRQHandler
                0x08000a04                SUBGHZ_Radio_IRQHandler
                0x08000a04                DMAMUX1_OVR_IRQHandler
                0x08000a04                DMA1_Channel6_IRQHandler
                0x08000a04                TIM16_IRQHandler
                0x08000a04                DMA2_Channel4_IRQHandler
                0x08000a04                TIM1_TRG_COM_IRQHandler
                0x08000a04                DMA1_Channel1_IRQHandler
                0x08000a04                Default_Handler
                0x08000a04                DMA2_Channel7_IRQHandler
                0x08000a04                EXTI15_10_IRQHandler
                0x08000a04                IPCC_C1_RX_IRQHandler
                0x08000a04                ADC_IRQHandler
                0x08000a04                C2SEV_PWR_C2H_IRQHandler
                0x08000a04                I2C3_EV_IRQHandler
                0x08000a04                RTC_WKUP_IRQHandler
                0x08000a04                PVD_PVM_IRQHandler
                0x08000a04                SPI2_IRQHandler
                0x08000a04                DMA2_Channel5_IRQHandler
                0x08000a04                DMA1_Channel5_IRQHandler
                0x08000a04                EXTI4_IRQHandler
                0x08000a04                RNG_IRQHandler
                0x08000a04                DMA1_Channel3_IRQHandler
                0x08000a04                COMP_IRQHandler
                0x08000a04                HSEM_IRQHandler
                0x08000a04                TIM1_UP_IRQHandler
                0x08000a04                WWDG_IRQHandler
                0x08000a04                LPUART1_IRQHandler
                0x08000a04                DMA2_Channel6_IRQHandler
                0x08000a04                TIM2_IRQHandler
                0x08000a04                TIM1_BRK_IRQHandler
                0x08000a04                DAC_IRQHandler
                0x08000a04                AES_IRQHandler
                0x08000a04                USART2_IRQHandler
                0x08000a04                I2C2_ER_IRQHandler
                0x08000a04                DMA1_Channel2_IRQHandler
                0x08000a04                FLASH_IRQHandler
                0x08000a04                USART1_IRQHandler
                0x08000a04                I2C1_ER_IRQHandler
                0x08000a04                LPTIM1_IRQHandler
                0x08000a04                DMA2_Channel3_IRQHandler
 .text.LL_AHB2_GRP1_EnableClock
                0x08000a06       0x30 ./Drivers/BSP/STM32WLxx_Nucleo/stm32wlxx_nucleo.o
 .text.LL_APB1_GRP2_EnableClock
                0x08000a36       0x30 ./Drivers/BSP/STM32WLxx_Nucleo/stm32wlxx_nucleo.o
 *fill*         0x08000a66        0x2 
 .text.BSP_LED_Init
                0x08000a68       0x74 ./Drivers/BSP/STM32WLxx_Nucleo/stm32wlxx_nucleo.o
                0x08000a68                BSP_LED_Init
 .text.BSP_PB_Init
                0x08000adc      0x10c ./Drivers/BSP/STM32WLxx_Nucleo/stm32wlxx_nucleo.o
                0x08000adc                BSP_PB_Init
 .text.BSP_PB_IRQHandler
                0x08000be8       0x24 ./Drivers/BSP/STM32WLxx_Nucleo/stm32wlxx_nucleo.o
                0x08000be8                BSP_PB_IRQHandler
 .text.BSP_PB_Callback
                0x08000c0c       0x70 ./Drivers/BSP/STM32WLxx_Nucleo/stm32wlxx_nucleo.o
                0x08000c0c                BSP_PB_Callback
 .text.BSP_COM_Init
                0x08000c7c       0x60 ./Drivers/BSP/STM32WLxx_Nucleo/stm32wlxx_nucleo.o
                0x08000c7c                BSP_COM_Init
 .text.MX_LPUART1_Init
                0x08000cdc       0x64 ./Drivers/BSP/STM32WLxx_Nucleo/stm32wlxx_nucleo.o
                0x08000cdc                MX_LPUART1_Init
 .text.BUTTON_SW1_EXTI_Callback
                0x08000d40        0xe ./Drivers/BSP/STM32WLxx_Nucleo/stm32wlxx_nucleo.o
 .text.BUTTON_SW2_EXTI_Callback
                0x08000d4e        0xe ./Drivers/BSP/STM32WLxx_Nucleo/stm32wlxx_nucleo.o
 .text.BUTTON_SW3_EXTI_Callback
                0x08000d5c        0xe ./Drivers/BSP/STM32WLxx_Nucleo/stm32wlxx_nucleo.o
 .text.COM1_MspInit
                0x08000d6a       0x5e ./Drivers/BSP/STM32WLxx_Nucleo/stm32wlxx_nucleo.o
 .text.HAL_Init
                0x08000dc8       0x40 ./Drivers/STM32WLxx_HAL_Driver/Src/stm32wlxx_hal.o
                0x08000dc8                HAL_Init
 .text.HAL_InitTick
                0x08000e08       0x74 ./Drivers/STM32WLxx_HAL_Driver/Src/stm32wlxx_hal.o
                0x08000e08                HAL_InitTick
 .text.HAL_IncTick
                0x08000e7c       0x24 ./Drivers/STM32WLxx_HAL_Driver/Src/stm32wlxx_hal.o
                0x08000e7c                HAL_IncTick
 .text.HAL_GetTick
                0x08000ea0       0x14 ./Drivers/STM32WLxx_HAL_Driver/Src/stm32wlxx_hal.o
                0x08000ea0                HAL_GetTick
 .text.HAL_Delay
                0x08000eb4       0x48 ./Drivers/STM32WLxx_HAL_Driver/Src/stm32wlxx_hal.o
                0x08000eb4                HAL_Delay
 .text.__NVIC_SetPriorityGrouping
                0x08000efc       0x48 ./Drivers/STM32WLxx_HAL_Driver/Src/stm32wlxx_hal_cortex.o
 .text.__NVIC_GetPriorityGrouping
                0x08000f44       0x1c ./Drivers/STM32WLxx_HAL_Driver/Src/stm32wlxx_hal_cortex.o
 .text.__NVIC_EnableIRQ
                0x08000f60       0x38 ./Drivers/STM32WLxx_HAL_Driver/Src/stm32wlxx_hal_cortex.o
 .text.__NVIC_SetPriority
                0x08000f98       0x54 ./Drivers/STM32WLxx_HAL_Driver/Src/stm32wlxx_hal_cortex.o
 .text.NVIC_EncodePriority
                0x08000fec       0x64 ./Drivers/STM32WLxx_HAL_Driver/Src/stm32wlxx_hal_cortex.o
 .text.SysTick_Config
                0x08001050       0x44 ./Drivers/STM32WLxx_HAL_Driver/Src/stm32wlxx_hal_cortex.o
 .text.HAL_NVIC_SetPriorityGrouping
                0x08001094       0x16 ./Drivers/STM32WLxx_HAL_Driver/Src/stm32wlxx_hal_cortex.o
                0x08001094                HAL_NVIC_SetPriorityGrouping
 .text.HAL_NVIC_SetPriority
                0x080010aa       0x34 ./Drivers/STM32WLxx_HAL_Driver/Src/stm32wlxx_hal_cortex.o
                0x080010aa                HAL_NVIC_SetPriority
 .text.HAL_NVIC_EnableIRQ
                0x080010de       0x1c ./Drivers/STM32WLxx_HAL_Driver/Src/stm32wlxx_hal_cortex.o
                0x080010de                HAL_NVIC_EnableIRQ
 .text.HAL_SYSTICK_Config
                0x080010fa       0x18 ./Drivers/STM32WLxx_HAL_Driver/Src/stm32wlxx_hal_cortex.o
                0x080010fa                HAL_SYSTICK_Config
 .text.HAL_EXTI_RegisterCallback
                0x08001112       0x32 ./Drivers/STM32WLxx_HAL_Driver/Src/stm32wlxx_hal_exti.o
                0x08001112                HAL_EXTI_RegisterCallback
 .text.HAL_EXTI_GetHandle
                0x08001144       0x26 ./Drivers/STM32WLxx_HAL_Driver/Src/stm32wlxx_hal_exti.o
                0x08001144                HAL_EXTI_GetHandle
 .text.HAL_EXTI_IRQHandler
                0x0800116a       0x5e ./Drivers/STM32WLxx_HAL_Driver/Src/stm32wlxx_hal_exti.o
                0x0800116a                HAL_EXTI_IRQHandler
 .text.HAL_GPIO_Init
                0x080011c8      0x2c0 ./Drivers/STM32WLxx_HAL_Driver/Src/stm32wlxx_hal_gpio.o
                0x080011c8                HAL_GPIO_Init
 .text.HAL_GPIO_WritePin
                0x08001488       0x2e ./Drivers/STM32WLxx_HAL_Driver/Src/stm32wlxx_hal_gpio.o
                0x08001488                HAL_GPIO_WritePin
 *fill*         0x080014b6        0x2 
 .text.HAL_PWR_EnableBkUpAccess
                0x080014b8       0x1c ./Drivers/STM32WLxx_HAL_Driver/Src/stm32wlxx_hal_pwr.o
                0x080014b8                HAL_PWR_EnableBkUpAccess
 .text.HAL_PWREx_GetVoltageRange
                0x080014d4       0x18 ./Drivers/STM32WLxx_HAL_Driver/Src/stm32wlxx_hal_pwr_ex.o
                0x080014d4                HAL_PWREx_GetVoltageRange
 .text.LL_PWR_IsEnabledBkUpAccess
                0x080014ec       0x24 ./Drivers/STM32WLxx_HAL_Driver/Src/stm32wlxx_hal_rcc.o
 .text.LL_RCC_HSE_EnableTcxo
                0x08001510       0x1c ./Drivers/STM32WLxx_HAL_Driver/Src/stm32wlxx_hal_rcc.o
 .text.LL_RCC_HSE_DisableTcxo
                0x0800152c       0x1c ./Drivers/STM32WLxx_HAL_Driver/Src/stm32wlxx_hal_rcc.o
 .text.LL_RCC_HSE_IsEnabledDiv2
                0x08001548       0x22 ./Drivers/STM32WLxx_HAL_Driver/Src/stm32wlxx_hal_rcc.o
 .text.LL_RCC_HSE_Enable
                0x0800156a       0x1c ./Drivers/STM32WLxx_HAL_Driver/Src/stm32wlxx_hal_rcc.o
 .text.LL_RCC_HSE_Disable
                0x08001586       0x1c ./Drivers/STM32WLxx_HAL_Driver/Src/stm32wlxx_hal_rcc.o
 .text.LL_RCC_HSE_IsReady
                0x080015a2       0x22 ./Drivers/STM32WLxx_HAL_Driver/Src/stm32wlxx_hal_rcc.o
 .text.LL_RCC_HSI_Enable
                0x080015c4       0x1c ./Drivers/STM32WLxx_HAL_Driver/Src/stm32wlxx_hal_rcc.o
 .text.LL_RCC_HSI_Disable
                0x080015e0       0x1c ./Drivers/STM32WLxx_HAL_Driver/Src/stm32wlxx_hal_rcc.o
 .text.LL_RCC_HSI_IsReady
                0x080015fc       0x22 ./Drivers/STM32WLxx_HAL_Driver/Src/stm32wlxx_hal_rcc.o
 .text.LL_RCC_HSI_SetCalibTrimming
                0x0800161e       0x28 ./Drivers/STM32WLxx_HAL_Driver/Src/stm32wlxx_hal_rcc.o
 .text.LL_RCC_LSE_IsReady
                0x08001646       0x22 ./Drivers/STM32WLxx_HAL_Driver/Src/stm32wlxx_hal_rcc.o
 .text.LL_RCC_LSI_Enable
                0x08001668       0x20 ./Drivers/STM32WLxx_HAL_Driver/Src/stm32wlxx_hal_rcc.o
 .text.LL_RCC_LSI_Disable
                0x08001688       0x20 ./Drivers/STM32WLxx_HAL_Driver/Src/stm32wlxx_hal_rcc.o
 .text.LL_RCC_LSI_IsReady
                0x080016a8       0x22 ./Drivers/STM32WLxx_HAL_Driver/Src/stm32wlxx_hal_rcc.o
 .text.LL_RCC_MSI_Enable
                0x080016ca       0x1c ./Drivers/STM32WLxx_HAL_Driver/Src/stm32wlxx_hal_rcc.o
 .text.LL_RCC_MSI_Disable
                0x080016e6       0x1c ./Drivers/STM32WLxx_HAL_Driver/Src/stm32wlxx_hal_rcc.o
 .text.LL_RCC_MSI_IsReady
                0x08001702       0x20 ./Drivers/STM32WLxx_HAL_Driver/Src/stm32wlxx_hal_rcc.o
 .text.LL_RCC_MSI_IsEnabledRangeSelect
                0x08001722       0x20 ./Drivers/STM32WLxx_HAL_Driver/Src/stm32wlxx_hal_rcc.o
 .text.LL_RCC_MSI_GetRange
                0x08001742       0x16 ./Drivers/STM32WLxx_HAL_Driver/Src/stm32wlxx_hal_rcc.o
 .text.LL_RCC_MSI_GetRangeAfterStandby
                0x08001758       0x18 ./Drivers/STM32WLxx_HAL_Driver/Src/stm32wlxx_hal_rcc.o
 .text.LL_RCC_MSI_SetCalibTrimming
                0x08001770       0x28 ./Drivers/STM32WLxx_HAL_Driver/Src/stm32wlxx_hal_rcc.o
 .text.LL_RCC_SetSysClkSource
                0x08001798       0x26 ./Drivers/STM32WLxx_HAL_Driver/Src/stm32wlxx_hal_rcc.o
 .text.LL_RCC_GetSysClkSource
                0x080017be       0x16 ./Drivers/STM32WLxx_HAL_Driver/Src/stm32wlxx_hal_rcc.o
 .text.LL_RCC_SetAHBPrescaler
                0x080017d4       0x26 ./Drivers/STM32WLxx_HAL_Driver/Src/stm32wlxx_hal_rcc.o
 .text.LL_C2_RCC_SetAHBPrescaler
                0x080017fa       0x2a ./Drivers/STM32WLxx_HAL_Driver/Src/stm32wlxx_hal_rcc.o
 .text.LL_RCC_SetAHB3Prescaler
                0x08001824       0x2c ./Drivers/STM32WLxx_HAL_Driver/Src/stm32wlxx_hal_rcc.o
 .text.LL_RCC_SetAPB1Prescaler
                0x08001850       0x26 ./Drivers/STM32WLxx_HAL_Driver/Src/stm32wlxx_hal_rcc.o
 .text.LL_RCC_SetAPB2Prescaler
                0x08001876       0x26 ./Drivers/STM32WLxx_HAL_Driver/Src/stm32wlxx_hal_rcc.o
 .text.LL_RCC_GetAHBPrescaler
                0x0800189c       0x16 ./Drivers/STM32WLxx_HAL_Driver/Src/stm32wlxx_hal_rcc.o
 .text.LL_RCC_GetAHB3Prescaler
                0x080018b2       0x1a ./Drivers/STM32WLxx_HAL_Driver/Src/stm32wlxx_hal_rcc.o
 .text.LL_RCC_GetAPB1Prescaler
                0x080018cc       0x16 ./Drivers/STM32WLxx_HAL_Driver/Src/stm32wlxx_hal_rcc.o
 .text.LL_RCC_GetAPB2Prescaler
                0x080018e2       0x16 ./Drivers/STM32WLxx_HAL_Driver/Src/stm32wlxx_hal_rcc.o
 .text.LL_RCC_PLL_Enable
                0x080018f8       0x1c ./Drivers/STM32WLxx_HAL_Driver/Src/stm32wlxx_hal_rcc.o
 .text.LL_RCC_PLL_Disable
                0x08001914       0x1c ./Drivers/STM32WLxx_HAL_Driver/Src/stm32wlxx_hal_rcc.o
 .text.LL_RCC_PLL_IsReady
                0x08001930       0x22 ./Drivers/STM32WLxx_HAL_Driver/Src/stm32wlxx_hal_rcc.o
 .text.LL_RCC_PLL_GetN
                0x08001952       0x18 ./Drivers/STM32WLxx_HAL_Driver/Src/stm32wlxx_hal_rcc.o
 .text.LL_RCC_PLL_GetR
                0x0800196a       0x16 ./Drivers/STM32WLxx_HAL_Driver/Src/stm32wlxx_hal_rcc.o
 .text.LL_RCC_PLL_GetDivider
                0x08001980       0x16 ./Drivers/STM32WLxx_HAL_Driver/Src/stm32wlxx_hal_rcc.o
 .text.LL_RCC_PLL_GetMainSource
                0x08001996       0x16 ./Drivers/STM32WLxx_HAL_Driver/Src/stm32wlxx_hal_rcc.o
 .text.LL_RCC_IsActiveFlag_HPRE
                0x080019ac       0x22 ./Drivers/STM32WLxx_HAL_Driver/Src/stm32wlxx_hal_rcc.o
 .text.LL_RCC_IsActiveFlag_C2HPRE
                0x080019ce       0x24 ./Drivers/STM32WLxx_HAL_Driver/Src/stm32wlxx_hal_rcc.o
 .text.LL_RCC_IsActiveFlag_SHDHPRE
                0x080019f2       0x24 ./Drivers/STM32WLxx_HAL_Driver/Src/stm32wlxx_hal_rcc.o
 .text.LL_RCC_IsActiveFlag_PPRE1
                0x08001a16       0x22 ./Drivers/STM32WLxx_HAL_Driver/Src/stm32wlxx_hal_rcc.o
 .text.LL_RCC_IsActiveFlag_PPRE2
                0x08001a38       0x22 ./Drivers/STM32WLxx_HAL_Driver/Src/stm32wlxx_hal_rcc.o
 *fill*         0x08001a5a        0x2 
 .text.HAL_RCC_OscConfig
                0x08001a5c      0x704 ./Drivers/STM32WLxx_HAL_Driver/Src/stm32wlxx_hal_rcc.o
                0x08001a5c                HAL_RCC_OscConfig
 .text.HAL_RCC_ClockConfig
                0x08002160      0x284 ./Drivers/STM32WLxx_HAL_Driver/Src/stm32wlxx_hal_rcc.o
                0x08002160                HAL_RCC_ClockConfig
 .text.HAL_RCC_GetSysClockFreq
                0x080023e4      0x140 ./Drivers/STM32WLxx_HAL_Driver/Src/stm32wlxx_hal_rcc.o
                0x080023e4                HAL_RCC_GetSysClockFreq
 .text.HAL_RCC_GetHCLKFreq
                0x08002524       0x28 ./Drivers/STM32WLxx_HAL_Driver/Src/stm32wlxx_hal_rcc.o
                0x08002524                HAL_RCC_GetHCLKFreq
 .text.HAL_RCC_GetPCLK1Freq
                0x0800254c       0x24 ./Drivers/STM32WLxx_HAL_Driver/Src/stm32wlxx_hal_rcc.o
                0x0800254c                HAL_RCC_GetPCLK1Freq
 .text.HAL_RCC_GetPCLK2Freq
                0x08002570       0x24 ./Drivers/STM32WLxx_HAL_Driver/Src/stm32wlxx_hal_rcc.o
                0x08002570                HAL_RCC_GetPCLK2Freq
 .text.RCC_SetFlashLatencyFromMSIRange
                0x08002594       0x60 ./Drivers/STM32WLxx_HAL_Driver/Src/stm32wlxx_hal_rcc.o
 .text.RCC_SetFlashLatency
                0x080025f4      0x104 ./Drivers/STM32WLxx_HAL_Driver/Src/stm32wlxx_hal_rcc.o
 .text.LL_RCC_GetUSARTClockSource
                0x080026f8       0x24 ./Drivers/STM32WLxx_HAL_Driver/Src/stm32wlxx_hal_uart.o
 .text.LL_RCC_GetLPUARTClockSource
                0x0800271c       0x1e ./Drivers/STM32WLxx_HAL_Driver/Src/stm32wlxx_hal_uart.o
 .text.HAL_UART_Init
                0x0800273a       0xa0 ./Drivers/STM32WLxx_HAL_Driver/Src/stm32wlxx_hal_uart.o
                0x0800273a                HAL_UART_Init
 .text.HAL_UART_MspInit
                0x080027da       0x12 ./Drivers/STM32WLxx_HAL_Driver/Src/stm32wlxx_hal_uart.o
                0x080027da                HAL_UART_MspInit
 .text.UART_SetConfig
                0x080027ec      0x4e8 ./Drivers/STM32WLxx_HAL_Driver/Src/stm32wlxx_hal_uart.o
                0x080027ec                UART_SetConfig
 .text.UART_AdvFeatureConfig
                0x08002cd4      0x142 ./Drivers/STM32WLxx_HAL_Driver/Src/stm32wlxx_hal_uart.o
                0x08002cd4                UART_AdvFeatureConfig
 .text.UART_CheckIdleState
                0x08002e16      0x154 ./Drivers/STM32WLxx_HAL_Driver/Src/stm32wlxx_hal_uart.o
                0x08002e16                UART_CheckIdleState
 .text.UART_WaitOnFlagUntilTimeout
                0x08002f6a       0xda ./Drivers/STM32WLxx_HAL_Driver/Src/stm32wlxx_hal_uart.o
                0x08002f6a                UART_WaitOnFlagUntilTimeout
 .text.UART_EndRxTransfer
                0x08003044       0xca ./Drivers/STM32WLxx_HAL_Driver/Src/stm32wlxx_hal_uart.o
 .text.memset   0x0800310e       0x10 /opt/st/stm32cubeide_2.0.0/plugins/com.st.stm32cube.ide.mcu.externaltools.gnu-tools-for-stm32.13.3.rel1.linux64_1.0.100.202509120712/tools/bin/../lib/gcc/arm-none-eabi/13.3.1/../../../../arm-none-eabi/lib/thumb/v7e-m/nofp/libc_nano.a(libc_a-memset.o)
                0x0800310e                memset
 *fill*         0x0800311e        0x2 
 .text.__libc_init_array
                0x08003120       0x48 /opt/st/stm32cubeide_2.0.0/plugins/com.st.stm32cube.ide.mcu.externaltools.gnu-tools-for-stm32.13.3.rel1.linux64_1.0.100.202509120712/tools/bin/../lib/gcc/arm-none-eabi/13.3.1/../../../../arm-none-eabi/lib/thumb/v7e-m/nofp/libc_nano.a(libc_a-init.o)
                0x08003120                __libc_init_array
 *(.glue_7)
 .glue_7        0x08003168        0x0 linker stubs
 *(.glue_7t)
 .glue_7t       0x08003168        0x0 linker stubs
 *(.eh_frame)
 .eh_frame      0x08003168        0x0 /opt/st/stm32cubeide_2.0.0/plugins/com.st.stm32cube.ide.mcu.externaltools.gnu-tools-for-stm32.13.3.rel1.linux64_1.0.100.202509120712/tools/bin/../lib/gcc/arm-none-eabi/13.3.1/thumb/v7e-m/nofp/crtbegin.o
 *(.init)
 .init          0x08003168        0x4 /opt/st/stm32cubeide_2.0.0/plugins/com.st.stm32cube.ide.mcu.externaltools.gnu-tools-for-stm32.13.3.rel1.linux64_1.0.100.202509120712/tools/bin/../lib/gcc/arm-none-eabi/13.3.1/thumb/v7e-m/nofp/crti.o
                0x08003168                _init
 .init          0x0800316c        0x8 /opt/st/stm32cubeide_2.0.0/plugins/com.st.stm32cube.ide.mcu.externaltools.gnu-tools-for-stm32.13.3.rel1.linux64_1.0.100.202509120712/tools/bin/../lib/gcc/arm-none-eabi/13.3.1/thumb/v7e-m/nofp/crtn.o
 *(.fini)
 .fini          0x08003174        0x4 /opt/st/stm32cubeide_2.0.0/plugins/com.st.stm32cube.ide.mcu.externaltools.gnu-tools-for-stm32.13.3.rel1.linux64_1.0.100.202509120712/tools/bin/../lib/gcc/arm-none-eabi/13.3.1/thumb/v7e-m/nofp/crti.o
                0x08003174                _fini
 .fini          0x08003178        0x8 /opt/st/stm32cubeide_2.0.0/plugins/com.st.stm32cube.ide.mcu.externaltools.gnu-tools-for-stm32.13.3.rel1.linux64_1.0.100.202509120712/tools/bin/../lib/gcc/arm-none-eabi/13.3.1/thumb/v7e-m/nofp/crtn.o
                0x08003180                        . = ALIGN (0x4)
                0x08003180                        _etext = .

.vfp11_veneer   0x08003180        0x0
 .vfp11_veneer  0x08003180        0x0 linker stubs

.v4_bx          0x08003180        0x0
 .v4_bx         0x08003180        0x0 linker stubs

.iplt           0x08003180        0x0
 .iplt          0x08003180        0x0 /opt/st/stm32cubeide_2.0.0/plugins/com.st.stm32cube.ide.mcu.externaltools.gnu-tools-for-stm32.13.3.rel1.linux64_1.0.100.202509120712/tools/bin/../lib/gcc/arm-none-eabi/13.3.1/thumb/v7e-m/nofp/crtbegin.o

.rodata         0x08003180      0x138
                0x08003180                        . = ALIGN (0x4)
 *(.rodata)
 .rodata        0x08003180       0x1b ./Core/Src/main.o
 *fill*         0x0800319b        0x1 
 .rodata        0x0800319c       0x21 ./Drivers/BSP/STM32WLxx_Nucleo/stm32wlxx_nucleo.o
 *fill*         0x080031bd        0x3 
 .rodata        0x080031c0       0x1c ./Drivers/STM32WLxx_HAL_Driver/Src/stm32wlxx_hal_rcc.o
 *(.rodata*)
 .rodata.row_offsets.0
                0x080031dc        0x2 ./Core/Src/lcd.o
 *fill*         0x080031de        0x2 
 .rodata.AHBPrescTable
                0x080031e0       0x40 ./Core/Src/system_stm32wlxx.o
                0x080031e0                AHBPrescTable
 .rodata.APBPrescTable
                0x08003220       0x20 ./Core/Src/system_stm32wlxx.o
                0x08003220                APBPrescTable
 .rodata.MSIRangeTable
                0x08003240       0x40 ./Core/Src/system_stm32wlxx.o
                0x08003240                MSIRangeTable
 .rodata.LED_PIN
                0x08003280        0x6 ./Drivers/BSP/STM32WLxx_Nucleo/stm32wlxx_nucleo.o
 *fill*         0x08003286        0x2 
 .rodata.BUTTON_PIN
                0x08003288        0x6 ./Drivers/BSP/STM32WLxx_Nucleo/stm32wlxx_nucleo.o
 *fill*         0x0800328e        0x2 
 .rodata.BUTTON_IRQn
                0x08003290        0x3 ./Drivers/BSP/STM32WLxx_Nucleo/stm32wlxx_nucleo.o
 *fill*         0x08003293        0x1 
 .rodata.button_exti_line.2
                0x08003294        0xc ./Drivers/BSP/STM32WLxx_Nucleo/stm32wlxx_nucleo.o
 .rodata.UARTPrescTable
                0x080032a0       0x18 ./Drivers/STM32WLxx_HAL_Driver/Src/stm32wlxx_hal_uart.o
                0x080032a0                UARTPrescTable
                0x080032b8                        . = ALIGN (0x4)

.ARM.extab      0x080032b8        0x0
                0x080032b8                        . = ALIGN (0x4)
 *(.ARM.extab* .gnu.linkonce.armextab.*)
                0x080032b8                        . = ALIGN (0x4)

.ARM            0x080032b8        0x8
                0x080032b8                        . = ALIGN (0x4)
                0x080032b8                        __exidx_start = .
 *(.ARM.exidx*)
 .ARM.exidx     0x080032b8        0x8 /opt/st/stm32cubeide_2.0.0/plugins/com.st.stm32cube.ide.mcu.externaltools.gnu-tools-for-stm32.13.3.rel1.linux64_1.0.100.202509120712/tools/bin/../lib/gcc/arm-none-eabi/13.3.1/thumb/v7e-m/nofp/libgcc.a(_udivmoddi4.o)
                0x080032c0                        __exidx_end = .
                0x080032c0                        . = ALIGN (0x4)

.preinit_array  0x080032c0        0x0
                0x080032c0                        . = ALIGN (0x4)
                0x080032c0                        PROVIDE (__preinit_array_start = .)
 *(.preinit_array*)
                0x080032c0                        PROVIDE (__preinit_array_end = .)
                0x080032c0                        . = ALIGN (0x4)

.init_array     0x080032c0        0x4
                0x080032c0                        . = ALIGN (0x4)
                0x080032c0                        PROVIDE (__init_array_start = .)
 *(SORT_BY_NAME(.init_array.*))
 *(.init_array*)
 .init_array    0x080032c0        0x4 /opt/st/stm32cubeide_2.0.0/plugins/com.st.stm32cube.ide.mcu.externaltools.gnu-tools-for-stm32.13.3.rel1.linux64_1.0.100.202509120712/tools/bin/../lib/gcc/arm-none-eabi/13.3.1/thumb/v7e-m/nofp/crtbegin.o
                0x080032c4                        PROVIDE (__init_array_end = .)
                0x080032c4                        . = ALIGN (0x4)

.fini_array     0x080032c4        0x4
                0x080032c4                        . = ALIGN (0x4)
                [!provide]                        PROVIDE (__fini_array_start = .)
 *(SORT_BY_NAME(.fini_array.*))
 *(.fini_array*)
 .fini_array    0x080032c4        0x4 /opt/st/stm32cubeide_2.0.0/plugins/com.st.stm32cube.ide.mcu.externaltools.gnu-tools-for-stm32.13.3.rel1.linux64_1.0.100.202509120712/tools/bin/../lib/gcc/arm-none-eabi/13.3.1/thumb/v7e-m/nofp/crtbegin.o
                [!provide]                        PROVIDE (__fini_array_end = .)
                0x080032c8                        . = ALIGN (0x4)
                0x080032c8                        _sidata = LOADADDR (.data)

.rel.dyn        0x080032c8        0x0
 .rel.iplt      0x080032c8        0x0 /opt/st/stm32cubeide_2.0.0/plugins/com.st.stm32cube.ide.mcu.externaltools.gnu-tools-for-stm32.13.3.rel1.linux64_1.0.100.202509120712/tools/bin/../lib/gcc/arm-none-eabi/13.3.1/thumb/v7e-m/nofp/crtbegin.o

.data           0x20000000       0x40 load address 0x080032c8
                0x20000000                        . = ALIGN (0x4)
                0x20000000                        _sdata = .
 *(.data)
 *(.data*)
 .data.SystemCoreClock
                0x20000000        0x4 ./Core/Src/system_stm32wlxx.o
                0x20000000                SystemCoreClock
 .data.LED_PORT
                0x20000004        0xc ./Drivers/BSP/STM32WLxx_Nucleo/stm32wlxx_nucleo.o
 .data.BUTTON_PORT
                0x20000010        0xc ./Drivers/BSP/STM32WLxx_Nucleo/stm32wlxx_nucleo.o
 .data.COM_USART
                0x2000001c        0x4 ./Drivers/BSP/STM32WLxx_Nucleo/stm32wlxx_nucleo.o
 .data.button_callback.1
                0x20000020        0xc ./Drivers/BSP/STM32WLxx_Nucleo/stm32wlxx_nucleo.o
 .data.button_interrupt_priority.0
                0x2000002c        0xc ./Drivers/BSP/STM32WLxx_Nucleo/stm32wlxx_nucleo.o
 .data.uwTickPrio
                0x20000038        0x4 ./Drivers/STM32WLxx_HAL_Driver/Src/stm32wlxx_hal.o
                0x20000038                uwTickPrio
 .data.uwTickFreq
                0x2000003c        0x1 ./Drivers/STM32WLxx_HAL_Driver/Src/stm32wlxx_hal.o
                0x2000003c                uwTickFreq
 *(.RamFunc)
 *(.RamFunc*)
                0x20000040                        . = ALIGN (0x4)
 *fill*         0x2000003d        0x3 
                0x20000040                        _edata = .

.igot.plt       0x20000040        0x0 load address 0x08003308
 .igot.plt      0x20000040        0x0 /opt/st/stm32cubeide_2.0.0/plugins/com.st.stm32cube.ide.mcu.externaltools.gnu-tools-for-stm32.13.3.rel1.linux64_1.0.100.202509120712/tools/bin/../lib/gcc/arm-none-eabi/13.3.1/thumb/v7e-m/nofp/crtbegin.o
                0x20000040                        . = ALIGN (0x4)

.bss            0x20000040       0xdc load address 0x08003308
                0x20000040                        _sbss = .
                0x20000040                        __bss_start__ = _sbss
 *(.bss)
 .bss           0x20000040       0x1c /opt/st/stm32cubeide_2.0.0/plugins/com.st.stm32cube.ide.mcu.externaltools.gnu-tools-for-stm32.13.3.rel1.linux64_1.0.100.202509120712/tools/bin/../lib/gcc/arm-none-eabi/13.3.1/thumb/v7e-m/nofp/crtbegin.o
 *(.bss*)
 .bss.BspCOMInit
                0x2000005c       0x10 ./Core/Src/main.o
                0x2000005c                BspCOMInit
 .bss.hpb_exti  0x2000006c       0x18 ./Drivers/BSP/STM32WLxx_Nucleo/stm32wlxx_nucleo.o
                0x2000006c                hpb_exti
 .bss.hcom_uart
                0x20000084       0x94 ./Drivers/BSP/STM32WLxx_Nucleo/stm32wlxx_nucleo.o
                0x20000084                hcom_uart
 .bss.uwTick    0x20000118        0x4 ./Drivers/STM32WLxx_HAL_Driver/Src/stm32wlxx_hal.o
                0x20000118                uwTick
 *(COMMON)
                0x2000011c                        . = ALIGN (0x4)
                0x2000011c                        _ebss = .
                0x2000011c                        __bss_end__ = _ebss

._user_heap_stack
                0x2000011c      0x604 load address 0x08003308
                0x20000120                        . = ALIGN (0x8)
 *fill*         0x2000011c        0x4 
                [!provide]                        PROVIDE (end = .)
                0x20000120                        PROVIDE (_end = .)
                0x20000320                        . = (. + _Min_Heap_Size)
 *fill*         0x20000120      0x200 
                0x20000720                        . = (. + _Min_Stack_Size)
 *fill*         0x20000320      0x400 
                0x20000720                        . = ALIGN (0x8)

/DISCARD/
 libc.a(*)
 libm.a(*)
 libgcc.a(*)

.ARM.attributes
                0x00000000       0x2a
 *(.ARM.attributes)
 .ARM.attributes
                0x00000000       0x1e /opt/st/stm32cubeide_2.0.0/plugins/com.st.stm32cube.ide.mcu.externaltools.gnu-tools-for-stm32.13.3.rel1.linux64_1.0.100.202509120712/tools/bin/../lib/gcc/arm-none-eabi/13.3.1/thumb/v7e-m/nofp/crti.o
 .ARM.attributes
                0x0000001e       0x2e /opt/st/stm32cubeide_2.0.0/plugins/com.st.stm32cube.ide.mcu.externaltools.gnu-tools-for-stm32.13.3.rel1.linux64_1.0.100.202509120712/tools/bin/../lib/gcc/arm-none-eabi/13.3.1/thumb/v7e-m/nofp/crtbegin.o
 .ARM.attributes
                0x0000004c       0x2e ./Core/Src/lcd.o
 .ARM.attributes
                0x0000007a       0x2e ./Core/Src/main.o
 .ARM.attributes
                0x000000a8       0x2e ./Core/Src/stm32wlxx_hal_msp.o
 .ARM.attributes
                0x000000d6       0x2e ./Core/Src/stm32wlxx_it.o
 .ARM.attributes
                0x00000104       0x2e ./Core/Src/system_stm32wlxx.o
 .ARM.attributes
                0x00000132       0x21 ./Core/Startup/startup_stm32wl55jcix.o
 .ARM.attributes
                0x00000153       0x2e ./Drivers/BSP/STM32WLxx_Nucleo/stm32wlxx_nucleo.o
 .ARM.attributes
                0x00000181       0x2e ./Drivers/STM32WLxx_HAL_Driver/Src/stm32wlxx_hal.o
 .ARM.attributes
                0x000001af       0x2e ./Drivers/STM32WLxx_HAL_Driver/Src/stm32wlxx_hal_cortex.o
 .ARM.attributes
                0x000001dd       0x2e ./Drivers/STM32WLxx_HAL_Driver/Src/stm32wlxx_hal_exti.o
 .ARM.attributes
                0x0000020b       0x2e ./Drivers/STM32WLxx_HAL_Driver/Src/stm32wlxx_hal_gpio.o
 .ARM.attributes
                0x00000239       0x2e ./Drivers/STM32WLxx_HAL_Driver/Src/stm32wlxx_hal_pwr.o
 .ARM.attributes
                0x00000267       0x2e ./Drivers/STM32WLxx_HAL_Driver/Src/stm32wlxx_hal_pwr_ex.o
 .ARM.attributes
                0x00000295       0x2e ./Drivers/STM32WLxx_HAL_Driver/Src/stm32wlxx_hal_rcc.o
 .ARM.attributes
                0x000002c3       0x2e ./Drivers/STM32WLxx_HAL_Driver/Src/stm32wlxx_hal_uart.o
 .ARM.attributes
                0x000002f1       0x2e /opt/st/stm32cubeide_2.0.0/plugins/com.st.stm32cube.ide.mcu.externaltools.gnu-tools-for-stm32.13.3.rel1.linux64_1.0.100.202509120712/tools/bin/../lib/gcc/arm-none-eabi/13.3.1/../../../../arm-none-eabi/lib/thumb/v7e-m/nofp/libc_nano.a(libc_a-memset.o)
 .ARM.attributes
                0x0000031f       0x2e /opt/st/stm32cubeide_2.0.0/plugins/com.st.stm32cube.ide.mcu.externaltools.gnu-tools-for-stm32.13.3.rel1.linux64_1.0.100.202509120712/tools/bin/../lib/gcc/arm-none-eabi/13.3.1/../../../../arm-none-eabi/lib/thumb/v7e-m/nofp/libc_nano.a(libc_a-init.o)
 .ARM.attributes
                0x0000034d       0x1e /opt/st/stm32cubeide_2.0.0/plugins/com.st.stm32cube.ide.mcu.externaltools.gnu-tools-for-stm32.13.3.rel1.linux64_1.0.100.202509120712/tools/bin/../lib/gcc/arm-none-eabi/13.3.1/thumb/v7e-m/nofp/libgcc.a(_aeabi_uldivmod.o)
 .ARM.attributes
                0x0000036b       0x2e /opt/st/stm32cubeide_2.0.0/plugins/com.st.stm32cube.ide.mcu.externaltools.gnu-tools-for-stm32.13.3.rel1.linux64_1.0.100.202509120712/tools/bin/../lib/gcc/arm-none-eabi/13.3.1/thumb/v7e-m/nofp/libgcc.a(_udivmoddi4.o)
 .ARM.attributes
                0x00000399       0x1e /opt/st/stm32cubeide_2.0.0/plugins/com.st.stm32cube.ide.mcu.externaltools.gnu-tools-for-stm32.13.3.rel1.linux64_1.0.100.202509120712/tools/bin/../lib/gcc/arm-none-eabi/13.3.1/thumb/v7e-m/nofp/libgcc.a(_dvmd_tls.o)
 .ARM.attributes
                0x000003b7       0x1e /opt/st/stm32cubeide_2.0.0/plugins/com.st.stm32cube.ide.mcu.externaltools.gnu-tools-for-stm32.13.3.rel1.linux64_1.0.100.202509120712/tools/bin/../lib/gcc/arm-none-eabi/13.3.1/thumb/v7e-m/nofp/crtn.o
OUTPUT(LCD.elf elf32-littlearm)
LOAD linker stubs
LOAD /opt/st/stm32cubeide_2.0.0/plugins/com.st.stm32cube.ide.mcu.externaltools.gnu-tools-for-stm32.13.3.rel1.linux64_1.0.100.202509120712/tools/bin/../lib/gcc/arm-none-eabi/13.3.1/../../../../arm-none-eabi/lib/thumb/v7e-m/nofp/libc.a
LOAD /opt/st/stm32cubeide_2.0.0/plugins/com.st.stm32cube.ide.mcu.externaltools.gnu-tools-for-stm32.13.3.rel1.linux64_1.0.100.202509120712/tools/bin/../lib/gcc/arm-none-eabi/13.3.1/../../../../arm-none-eabi/lib/thumb/v7e-m/nofp/libm.a
LOAD /opt/st/stm32cubeide_2.0.0/plugins/com.st.stm32cube.ide.mcu.externaltools.gnu-tools-for-stm32.13.3.rel1.linux64_1.0.100.202509120712/tools/bin/../lib/gcc/arm-none-eabi/13.3.1/thumb/v7e-m/nofp/libgcc.a

.debug_info     0x00000000     0xd531
 .debug_info    0x00000000      0x371 ./Core/Src/lcd.o
 .debug_info    0x00000371      0xcd0 ./Core/Src/main.o
 .debug_info    0x00001041      0x2de ./Core/Src/stm32wlxx_hal_msp.o
 .debug_info    0x0000131f      0x1dc ./Core/Src/stm32wlxx_it.o
 .debug_info    0x000014fb      0x515 ./Core/Src/system_stm32wlxx.o
 .debug_info    0x00001a10       0x30 ./Core/Startup/startup_stm32wl55jcix.o
 .debug_info    0x00001a40     0x185e ./Drivers/BSP/STM32WLxx_Nucleo/stm32wlxx_nucleo.o
 .debug_info    0x0000329e     0x116a ./Drivers/STM32WLxx_HAL_Driver/Src/stm32wlxx_hal.o
 .debug_info    0x00004408      0xd39 ./Drivers/STM32WLxx_HAL_Driver/Src/stm32wlxx_hal_cortex.o
 .debug_info    0x00005141      0x7c6 ./Drivers/STM32WLxx_HAL_Driver/Src/stm32wlxx_hal_exti.o
 .debug_info    0x00005907      0x717 ./Drivers/STM32WLxx_HAL_Driver/Src/stm32wlxx_hal_gpio.o
 .debug_info    0x0000601e      0x8ed ./Drivers/STM32WLxx_HAL_Driver/Src/stm32wlxx_hal_pwr.o
 .debug_info    0x0000690b      0xdec ./Drivers/STM32WLxx_HAL_Driver/Src/stm32wlxx_hal_pwr_ex.o
 .debug_info    0x000076f7     0x13f4 ./Drivers/STM32WLxx_HAL_Driver/Src/stm32wlxx_hal_rcc.o
 .debug_info    0x00008aeb     0x4a46 ./Drivers/STM32WLxx_HAL_Driver/Src/stm32wlxx_hal_uart.o

.debug_abbrev   0x00000000     0x1ff7
 .debug_abbrev  0x00000000      0x19a ./Core/Src/lcd.o
 .debug_abbrev  0x0000019a      0x292 ./Core/Src/main.o
 .debug_abbrev  0x0000042c       0xc1 ./Core/Src/stm32wlxx_hal_msp.o
 .debug_abbrev  0x000004ed       0xe6 ./Core/Src/stm32wlxx_it.o
 .debug_abbrev  0x000005d3      0x13e ./Core/Src/system_stm32wlxx.o
 .debug_abbrev  0x00000711       0x24 ./Core/Startup/startup_stm32wl55jcix.o
 .debug_abbrev  0x00000735      0x356 ./Drivers/BSP/STM32WLxx_Nucleo/stm32wlxx_nucleo.o
 .debug_abbrev  0x00000a8b      0x344 ./Drivers/STM32WLxx_HAL_Driver/Src/stm32wlxx_hal.o
 .debug_abbrev  0x00000dcf      0x2e8 ./Drivers/STM32WLxx_HAL_Driver/Src/stm32wlxx_hal_cortex.o
 .debug_abbrev  0x000010b7      0x1cd ./Drivers/STM32WLxx_HAL_Driver/Src/stm32wlxx_hal_exti.o
 .debug_abbrev  0x00001284      0x1e9 ./Drivers/STM32WLxx_HAL_Driver/Src/stm32wlxx_hal_gpio.o
 .debug_abbrev  0x0000146d      0x209 ./Drivers/STM32WLxx_HAL_Driver/Src/stm32wlxx_hal_pwr.o
 .debug_abbrev  0x00001676      0x302 ./Drivers/STM32WLxx_HAL_Driver/Src/stm32wlxx_hal_pwr_ex.o
 .debug_abbrev  0x00001978      0x32d ./Drivers/STM32WLxx_HAL_Driver/Src/stm32wlxx_hal_rcc.o
 .debug_abbrev  0x00001ca5      0x352 ./Drivers/STM32WLxx_HAL_Driver/Src/stm32wlxx_hal_uart.o

.debug_aranges  0x00000000      0xde8
 .debug_aranges
                0x00000000       0x60 ./Core/Src/lcd.o
 .debug_aranges
                0x00000060       0x40 ./Core/Src/main.o
 .debug_aranges
                0x000000a0       0x20 ./Core/Src/stm32wlxx_hal_msp.o
 .debug_aranges
                0x000000c0       0x80 ./Core/Src/stm32wlxx_it.o
 .debug_aranges
                0x00000140       0x28 ./Core/Src/system_stm32wlxx.o
 .debug_aranges
                0x00000168       0x28 ./Core/Startup/startup_stm32wl55jcix.o
 .debug_aranges
                0x00000190       0xe0 ./Drivers/BSP/STM32WLxx_Nucleo/stm32wlxx_nucleo.o
 .debug_aranges
                0x00000270      0x240 ./Drivers/STM32WLxx_HAL_Driver/Src/stm32wlxx_hal.o
 .debug_aranges
                0x000004b0      0x128 ./Drivers/STM32WLxx_HAL_Driver/Src/stm32wlxx_hal_cortex.o
 .debug_aranges
                0x000005d8       0x60 ./Drivers/STM32WLxx_HAL_Driver/Src/stm32wlxx_hal_exti.o
 .debug_aranges
                0x00000638       0x60 ./Drivers/STM32WLxx_HAL_Driver/Src/stm32wlxx_hal_gpio.o
 .debug_aranges
                0x00000698       0xc8 ./Drivers/STM32WLxx_HAL_Driver/Src/stm32wlxx_hal_pwr.o
 .debug_aranges
                0x00000760      0x200 ./Drivers/STM32WLxx_HAL_Driver/Src/stm32wlxx_hal_pwr_ex.o
 .debug_aranges
                0x00000960      0x230 ./Drivers/STM32WLxx_HAL_Driver/Src/stm32wlxx_hal_rcc.o
 .debug_aranges
                0x00000b90      0x258 ./Drivers/STM32WLxx_HAL_Driver/Src/stm32wlxx_hal_uart.o

.debug_rnglists
                0x00000000      0xa81
 .debug_rnglists
                0x00000000       0x45 ./Core/Src/lcd.o
 .debug_rnglists
                0x00000045       0x2e ./Core/Src/main.o
 .debug_rnglists
                0x00000073       0x13 ./Core/Src/stm32wlxx_hal_msp.o
 .debug_rnglists
                0x00000086       0x5b ./Core/Src/stm32wlxx_it.o
 .debug_rnglists
                0x000000e1       0x1a ./Core/Src/system_stm32wlxx.o
 .debug_rnglists
                0x000000fb       0x19 ./Core/Startup/startup_stm32wl55jcix.o
 .debug_rnglists
                0x00000114       0xa4 ./Drivers/BSP/STM32WLxx_Nucleo/stm32wlxx_nucleo.o
 .debug_rnglists
                0x000001b8      0x1ab ./Drivers/STM32WLxx_HAL_Driver/Src/stm32wlxx_hal.o
 .debug_rnglists
                0x00000363       0xd9 ./Drivers/STM32WLxx_HAL_Driver/Src/stm32wlxx_hal_cortex.o
 .debug_rnglists
                0x0000043c       0x46 ./Drivers/STM32WLxx_HAL_Driver/Src/stm32wlxx_hal_exti.o
 .debug_rnglists
                0x00000482       0x45 ./Drivers/STM32WLxx_HAL_Driver/Src/stm32wlxx_hal_gpio.o
 .debug_rnglists
                0x000004c7       0x91 ./Drivers/STM32WLxx_HAL_Driver/Src/stm32wlxx_hal_pwr.o
 .debug_rnglists
                0x00000558      0x180 ./Drivers/STM32WLxx_HAL_Driver/Src/stm32wlxx_hal_pwr_ex.o
 .debug_rnglists
                0x000006d8      0x1a6 ./Drivers/STM32WLxx_HAL_Driver/Src/stm32wlxx_hal_rcc.o
 .debug_rnglists
                0x0000087e      0x203 ./Drivers/STM32WLxx_HAL_Driver/Src/stm32wlxx_hal_uart.o

.debug_macro    0x00000000    0x1c6d9
 .debug_macro   0x00000000      0x2ee ./Core/Src/lcd.o
 .debug_macro   0x000002ee      0xad8 ./Core/Src/lcd.o
 .debug_macro   0x00000dc6      0x11e ./Core/Src/lcd.o
 .debug_macro   0x00000ee4       0x2e ./Core/Src/lcd.o
 .debug_macro   0x00000f12       0x3a ./Core/Src/lcd.o
 .debug_macro   0x00000f4c       0x22 ./Core/Src/lcd.o
 .debug_macro   0x00000f6e       0x8e ./Core/Src/lcd.o
 .debug_macro   0x00000ffc       0x51 ./Core/Src/lcd.o
 .debug_macro   0x0000104d      0x103 ./Core/Src/lcd.o
 .debug_macro   0x00001150       0x6a ./Core/Src/lcd.o
 .debug_macro   0x000011ba      0x1df ./Core/Src/lcd.o
 .debug_macro   0x00001399       0x1c ./Core/Src/lcd.o
 .debug_macro   0x000013b5       0x22 ./Core/Src/lcd.o
 .debug_macro   0x000013d7       0xfb ./Core/Src/lcd.o
 .debug_macro   0x000014d2     0x1011 ./Core/Src/lcd.o
 .debug_macro   0x000024e3      0x11f ./Core/Src/lcd.o
 .debug_macro   0x00002602     0xf31a ./Core/Src/lcd.o
 .debug_macro   0x0001191c       0x6d ./Core/Src/lcd.o
 .debug_macro   0x00011989     0x3432 ./Core/Src/lcd.o
 .debug_macro   0x00014dbb      0x190 ./Core/Src/lcd.o
 .debug_macro   0x00014f4b       0x5c ./Core/Src/lcd.o
 .debug_macro   0x00014fa7      0x416 ./Core/Src/lcd.o
 .debug_macro   0x000153bd      0x29c ./Core/Src/lcd.o
 .debug_macro   0x00015659      0x35a ./Core/Src/lcd.o
 .debug_macro   0x000159b3      0x196 ./Core/Src/lcd.o
 .debug_macro   0x00015b49       0x4a ./Core/Src/lcd.o
 .debug_macro   0x00015b93      0x238 ./Core/Src/lcd.o
 .debug_macro   0x00015dcb      0x229 ./Core/Src/lcd.o
 .debug_macro   0x00015ff4      0x3fa ./Core/Src/lcd.o
 .debug_macro   0x000163ee       0x2e ./Core/Src/lcd.o
 .debug_macro   0x0001641c      0x107 ./Core/Src/lcd.o
 .debug_macro   0x00016523      0x1ba ./Core/Src/lcd.o
 .debug_macro   0x000166dd       0xe6 ./Core/Src/lcd.o
 .debug_macro   0x000167c3      0x283 ./Core/Src/lcd.o
 .debug_macro   0x00016a46      0x133 ./Core/Src/lcd.o
 .debug_macro   0x00016b79      0x36f ./Core/Src/lcd.o
 .debug_macro   0x00016ee8      0x683 ./Core/Src/lcd.o
 .debug_macro   0x0001756b      0x20e ./Core/Src/lcd.o
 .debug_macro   0x00017779      0xfb4 ./Core/Src/lcd.o
 .debug_macro   0x0001872d      0x136 ./Core/Src/lcd.o
 .debug_macro   0x00018863      0x2db ./Core/Src/lcd.o
 .debug_macro   0x00018b3e      0x693 ./Core/Src/lcd.o
 .debug_macro   0x000191d1       0xa6 ./Core/Src/lcd.o
 .debug_macro   0x00019277      0x45a ./Core/Src/lcd.o
 .debug_macro   0x000196d1      0x3c0 ./Core/Src/lcd.o
 .debug_macro   0x00019a91       0x4c ./Core/Src/lcd.o
 .debug_macro   0x00019add       0x61 ./Core/Src/lcd.o
 .debug_macro   0x00019b3e       0x24 ./Core/Src/lcd.o
 .debug_macro   0x00019b62       0x43 ./Core/Src/lcd.o
 .debug_macro   0x00019ba5       0x34 ./Core/Src/lcd.o
 .debug_macro   0x00019bd9      0x370 ./Core/Src/lcd.o
 .debug_macro   0x00019f49       0x16 ./Core/Src/lcd.o
 .debug_macro   0x00019f5f       0x4a ./Core/Src/lcd.o
 .debug_macro   0x00019fa9       0x34 ./Core/Src/lcd.o
 .debug_macro   0x00019fdd       0x10 ./Core/Src/lcd.o
 .debug_macro   0x00019fed       0x58 ./Core/Src/lcd.o
 .debug_macro   0x0001a045       0x8e ./Core/Src/lcd.o
 .debug_macro   0x0001a0d3       0x1c ./Core/Src/lcd.o
 .debug_macro   0x0001a0ef      0x185 ./Core/Src/lcd.o
 .debug_macro   0x0001a274       0x10 ./Core/Src/lcd.o
 .debug_macro   0x0001a284       0x3c ./Core/Src/lcd.o
 .debug_macro   0x0001a2c0       0x20 ./Core/Src/lcd.o
 .debug_macro   0x0001a2e0      0x316 ./Core/Src/main.o
 .debug_macro   0x0001a5f6       0x52 ./Core/Src/main.o
 .debug_macro   0x0001a648       0x22 ./Core/Src/main.o
 .debug_macro   0x0001a66a       0x16 ./Core/Src/main.o
 .debug_macro   0x0001a680       0x10 ./Core/Src/main.o
 .debug_macro   0x0001a690       0x16 ./Core/Src/main.o
 .debug_macro   0x0001a6a6       0x16 ./Core/Src/main.o
 .debug_macro   0x0001a6bc      0x146 ./Core/Src/main.o
 .debug_macro   0x0001a802      0x1a1 ./Core/Src/main.o
 .debug_macro   0x0001a9a3       0x40 ./Core/Src/main.o
 .debug_macro   0x0001a9e3       0x52 ./Core/Src/main.o
 .debug_macro   0x0001aa35      0x30d ./Core/Src/stm32wlxx_hal_msp.o
 .debug_macro   0x0001ad42      0x317 ./Core/Src/stm32wlxx_it.o
 .debug_macro   0x0001b059      0x205 ./Core/Src/system_stm32wlxx.o
 .debug_macro   0x0001b25e      0x30a ./Drivers/BSP/STM32WLxx_Nucleo/stm32wlxx_nucleo.o
 .debug_macro   0x0001b568       0x1c ./Drivers/BSP/STM32WLxx_Nucleo/stm32wlxx_nucleo.o
 .debug_macro   0x0001b584      0x229 ./Drivers/STM32WLxx_HAL_Driver/Src/stm32wlxx_hal.o
 .debug_macro   0x0001b7ad      0x205 ./Drivers/STM32WLxx_HAL_Driver/Src/stm32wlxx_hal_cortex.o
 .debug_macro   0x0001b9b2      0x211 ./Drivers/STM32WLxx_HAL_Driver/Src/stm32wlxx_hal_exti.o
 .debug_macro   0x0001bbc3      0x20b ./Drivers/STM32WLxx_HAL_Driver/Src/stm32wlxx_hal_gpio.o
 .debug_macro   0x0001bdce      0x25f ./Drivers/STM32WLxx_HAL_Driver/Src/stm32wlxx_hal_pwr.o
 .debug_macro   0x0001c02d      0x217 ./Drivers/STM32WLxx_HAL_Driver/Src/stm32wlxx_hal_pwr_ex.o
 .debug_macro   0x0001c244      0x265 ./Drivers/STM32WLxx_HAL_Driver/Src/stm32wlxx_hal_rcc.o
 .debug_macro   0x0001c4a9      0x230 ./Drivers/STM32WLxx_HAL_Driver/Src/stm32wlxx_hal_uart.o

.debug_line     0x00000000     0xd07b
 .debug_line    0x00000000      0x9a9 ./Core/Src/lcd.o
 .debug_line    0x000009a9      0x9a5 ./Core/Src/main.o
 .debug_line    0x0000134e      0x8aa ./Core/Src/stm32wlxx_hal_msp.o
 .debug_line    0x00001bf8      0x9b2 ./Core/Src/stm32wlxx_it.o
 .debug_line    0x000025aa      0x790 ./Core/Src/system_stm32wlxx.o
 .debug_line    0x00002d3a       0x7b ./Core/Startup/startup_stm32wl55jcix.o
 .debug_line    0x00002db5      0xc7b ./Drivers/BSP/STM32WLxx_Nucleo/stm32wlxx_nucleo.o
 .debug_line    0x00003a30      0xeaa ./Drivers/STM32WLxx_HAL_Driver/Src/stm32wlxx_hal.o
 .debug_line    0x000048da      0xc99 ./Drivers/STM32WLxx_HAL_Driver/Src/stm32wlxx_hal_cortex.o
 .debug_line    0x00005573      0xa6f ./Drivers/STM32WLxx_HAL_Driver/Src/stm32wlxx_hal_exti.o
 .debug_line    0x00005fe2      0xaf8 ./Drivers/STM32WLxx_HAL_Driver/Src/stm32wlxx_hal_gpio.o
 .debug_line    0x00006ada      0x976 ./Drivers/STM32WLxx_HAL_Driver/Src/stm32wlxx_hal_pwr.o
 .debug_line    0x00007450      0xe2c ./Drivers/STM32WLxx_HAL_Driver/Src/stm32wlxx_hal_pwr_ex.o
 .debug_line    0x0000827c     0x189d ./Drivers/STM32WLxx_HAL_Driver/Src/stm32wlxx_hal_rcc.o
 .debug_line    0x00009b19     0x3562 ./Drivers/STM32WLxx_HAL_Driver/Src/stm32wlxx_hal_uart.o

.debug_str      0x00000000    0xb0cdf
 .debug_str     0x00000000    0xb0cdf ./Core/Src/lcd.o
                              0xab8cb (size before relaxing)
 .debug_str     0x000b0cdf        0x0 ./Core/Src/main.o
                              0xad2df (size before relaxing)
 .debug_str     0x000b0cdf        0x0 ./Core/Src/stm32wlxx_hal_msp.o
                              0xace30 (size before relaxing)
 .debug_str     0x000b0cdf        0x0 ./Core/Src/stm32wlxx_it.o
                              0xacb13 (size before relaxing)
 .debug_str     0x000b0cdf        0x0 ./Core/Src/system_stm32wlxx.o
                              0xa871b (size before relaxing)
 .debug_str     0x000b0cdf        0x0 ./Core/Startup/startup_stm32wl55jcix.o
                                 0x77 (size before relaxing)
 .debug_str     0x000b0cdf        0x0 ./Drivers/BSP/STM32WLxx_Nucleo/stm32wlxx_nucleo.o
                              0xadb65 (size before relaxing)
 .debug_str     0x000b0cdf        0x0 ./Drivers/STM32WLxx_HAL_Driver/Src/stm32wlxx_hal.o
                              0xa9503 (size before relaxing)
 .debug_str     0x000b0cdf        0x0 ./Drivers/STM32WLxx_HAL_Driver/Src/stm32wlxx_hal_cortex.o
                              0xa8e39 (size before relaxing)
 .debug_str     0x000b0cdf        0x0 ./Drivers/STM32WLxx_HAL_Driver/Src/stm32wlxx_hal_exti.o
                              0xa8799 (size before relaxing)
 .debug_str     0x000b0cdf        0x0 ./Drivers/STM32WLxx_HAL_Driver/Src/stm32wlxx_hal_gpio.o
                              0xa8774 (size before relaxing)
 .debug_str     0x000b0cdf        0x0 ./Drivers/STM32WLxx_HAL_Driver/Src/stm32wlxx_hal_pwr.o
                              0xa8b73 (size before relaxing)
 .debug_str     0x000b0cdf        0x0 ./Drivers/STM32WLxx_HAL_Driver/Src/stm32wlxx_hal_pwr_ex.o
                              0xa8ed3 (size before relaxing)
 .debug_str     0x000b0cdf        0x0 ./Drivers/STM32WLxx_HAL_Driver/Src/stm32wlxx_hal_rcc.o
                              0xa94e7 (size before relaxing)
 .debug_str     0x000b0cdf        0x0 ./Drivers/STM32WLxx_HAL_Driver/Src/stm32wlxx_hal_uart.o
                              0xa9759 (size before relaxing)

.comment        0x00000000       0x43
 .comment       0x00000000       0x43 ./Core/Src/lcd.o
                                 0x44 (size before relaxing)
 .comment       0x00000043        0x0 ./Core/Src/main.o
                                 0x44 (size before relaxing)
 .comment       0x00000043        0x0 ./Core/Src/stm32wlxx_hal_msp.o
                                 0x44 (size before relaxing)
 .comment       0x00000043        0x0 ./Core/Src/stm32wlxx_it.o
                                 0x44 (size before relaxing)
 .comment       0x00000043        0x0 ./Core/Src/system_stm32wlxx.o
                                 0x44 (size before relaxing)
 .comment       0x00000043        0x0 ./Drivers/BSP/STM32WLxx_Nucleo/stm32wlxx_nucleo.o
                                 0x44 (size before relaxing)
 .comment       0x00000043        0x0 ./Drivers/STM32WLxx_HAL_Driver/Src/stm32wlxx_hal.o
                                 0x44 (size before relaxing)
 .comment       0x00000043        0x0 ./Drivers/STM32WLxx_HAL_Driver/Src/stm32wlxx_hal_cortex.o
                                 0x44 (size before relaxing)
 .comment       0x00000043        0x0 ./Drivers/STM32WLxx_HAL_Driver/Src/stm32wlxx_hal_exti.o
                                 0x44 (size before relaxing)
 .comment       0x00000043        0x0 ./Drivers/STM32WLxx_HAL_Driver/Src/stm32wlxx_hal_gpio.o
                                 0x44 (size before relaxing)
 .comment       0x00000043        0x0 ./Drivers/STM32WLxx_HAL_Driver/Src/stm32wlxx_hal_pwr.o
                                 0x44 (size before relaxing)
 .comment       0x00000043        0x0 ./Drivers/STM32WLxx_HAL_Driver/Src/stm32wlxx_hal_pwr_ex.o
                                 0x44 (size before relaxing)
 .comment       0x00000043        0x0 ./Drivers/STM32WLxx_HAL_Driver/Src/stm32wlxx_hal_rcc.o
                                 0x44 (size before relaxing)
 .comment       0x00000043        0x0 ./Drivers/STM32WLxx_HAL_Driver/Src/stm32wlxx_hal_uart.o
                                 0x44 (size before relaxing)

.debug_frame    0x00000000     0x38c8
 .debug_frame   0x00000000      0x13c ./Core/Src/lcd.o
 .debug_frame   0x0000013c       0xb4 ./Core/Src/main.o
 .debug_frame   0x000001f0       0x2c ./Core/Src/stm32wlxx_hal_msp.o
 .debug_frame   0x0000021c      0x178 ./Core/Src/stm32wlxx_it.o
 .debug_frame   0x00000394       0x58 ./Core/Src/system_stm32wlxx.o
 .debug_frame   0x000003ec      0x388 ./Drivers/BSP/STM32WLxx_Nucleo/stm32wlxx_nucleo.o
 .debug_frame   0x00000774      0x948 ./Drivers/STM32WLxx_HAL_Driver/Src/stm32wlxx_hal.o
 .debug_frame   0x000010bc      0x4e8 ./Drivers/STM32WLxx_HAL_Driver/Src/stm32wlxx_hal_cortex.o
 .debug_frame   0x000015a4      0x174 ./Drivers/STM32WLxx_HAL_Driver/Src/stm32wlxx_hal_exti.o
 .debug_frame   0x00001718      0x174 ./Drivers/STM32WLxx_HAL_Driver/Src/stm32wlxx_hal_gpio.o
 .debug_frame   0x0000188c      0x31c ./Drivers/STM32WLxx_HAL_Driver/Src/stm32wlxx_hal_pwr.o
 .debug_frame   0x00001ba8      0x894 ./Drivers/STM32WLxx_HAL_Driver/Src/stm32wlxx_hal_pwr_ex.o
 .debug_frame   0x0000243c      0x8fc ./Drivers/STM32WLxx_HAL_Driver/Src/stm32wlxx_hal_rcc.o
 .debug_frame   0x00002d38      0xae4 ./Drivers/STM32WLxx_HAL_Driver/Src/stm32wlxx_hal_uart.o
 .debug_frame   0x0000381c       0x20 /opt/st/stm32cubeide_2.0.0/plugins/com.st.stm32cube.ide.mcu.externaltools.gnu-tools-for-stm32.13.3.rel1.linux64_1.0.100.202509120712/tools/bin/../lib/gcc/arm-none-eabi/13.3.1/../../../../arm-none-eabi/lib/thumb/v7e-m/nofp/libc_nano.a(libc_a-memset.o)
 .debug_frame   0x0000383c       0x2c /opt/st/stm32cubeide_2.0.0/plugins/com.st.stm32cube.ide.mcu.externaltools.gnu-tools-for-stm32.13.3.rel1.linux64_1.0.100.202509120712/tools/bin/../lib/gcc/arm-none-eabi/13.3.1/../../../../arm-none-eabi/lib/thumb/v7e-m/nofp/libc_nano.a(libc_a-init.o)
 .debug_frame   0x00003868       0x2c /opt/st/stm32cubeide_2.0.0/plugins/com.st.stm32cube.ide.mcu.externaltools.gnu-tools-for-stm32.13.3.rel1.linux64_1.0.100.202509120712/tools/bin/../lib/gcc/arm-none-eabi/13.3.1/thumb/v7e-m/nofp/libgcc.a(_aeabi_uldivmod.o)
 .debug_frame   0x00003894       0x34 /opt/st/stm32cubeide_2.0.0/plugins/com.st.stm32cube.ide.mcu.externaltools.gnu-tools-for-stm32.13.3.rel1.linux64_1.0.100.202509120712/tools/bin/../lib/gcc/arm-none-eabi/13.3.1/thumb/v7e-m/nofp/libgcc.a(_udivmoddi4.o)

.debug_line_str
                0x00000000       0x5b
 .debug_line_str
                0x00000000       0x5b ./Core/Startup/startup_stm32wl55jcix.o
